<?xml version="1.0" encoding="UTF-8"?>
<testsuites name="jest tests" tests="2" failures="0" errors="0" time="4.053">
  <testsuite name="E-Sign - libs (e2e)" errors="0" failures="0" skipped="0" timestamp="2023-03-31T15:49:41" time="3.875" tests="2">
    <testcase classname="E-Sign - libs (e2e) E-Sign - methods (e2e) Generate new key pair for client and server side" name="E-Sign - libs (e2e) E-Sign - methods (e2e) Generate new key pair for client and server side" time="0.078">
    </testcase>
    <testcase classname="E-Sign - libs (e2e) E-Sign - methods (e2e) Sign new document by providing data and private key and return signature" name="E-Sign - libs (e2e) E-Sign - methods (e2e) Sign new document by providing data and private key and return signature" time="1.018">
    </testcase>
  </testsuite>
</testsuites>